current directory: /rails/vendor/bundle/ruby/3.3.0/gems/json-2.16.0/ext/json/ext/parser
/usr/local/bin/ruby extconf.rb
checking for rb_enc_interned_str() in ruby/encoding.h... yes
checking for rb_str_to_interned_str() in ruby.h... yes
checking for rb_hash_new_capa() in ruby.h... yes
checking for rb_hash_bulk_insert() in ruby.h... yes
checking for strnlen() in string.h... yes
checking for whether -std=c99 is accepted as CFLAGS... yes
checking for x86intrin.h... yes
checking for cpuid.h... yes
creating Makefile

current directory: /rails/vendor/bundle/ruby/3.3.0/gems/json-2.16.0/ext/json/ext/parser
make DESTDIR\= sitearchdir\=./.gem.20260609-7-jyngea sitelibdir\=./.gem.20260609-7-jyngea clean

current directory: /rails/vendor/bundle/ruby/3.3.0/gems/json-2.16.0/ext/json/ext/parser
make DESTDIR\= sitearchdir\=./.gem.20260609-7-jyngea sitelibdir\=./.gem.20260609-7-jyngea
compiling parser.c
linking shared-object json/ext/parser.so

current directory: /rails/vendor/bundle/ruby/3.3.0/gems/json-2.16.0/ext/json/ext/parser
make DESTDIR\= sitearchdir\=./.gem.20260609-7-jyngea sitelibdir\=./.gem.20260609-7-jyngea install
/usr/bin/install -c -m 0755 parser.so ./.gem.20260609-7-jyngea/json/ext

current directory: /rails/vendor/bundle/ruby/3.3.0/gems/json-2.16.0/ext/json/ext/parser
make DESTDIR\= sitearchdir\=./.gem.20260609-7-jyngea sitelibdir\=./.gem.20260609-7-jyngea clean
